
> rmarkdown::render("MASTER.Rmd", output_file="index.html")
  |                                                                         |                                                                 |   0%  |                                                                         |.......                                                          |  11%
   inline R code fragments

  |                                                                         |..............                                                   |  22%
label: unnamed-chunk-1
  |                                                                         |......................                                           |  33%
  ordinary text without R code

  |                                                                         |.............................                                    |  44%
label: unnamed-chunk-2 (with options) 
List of 1
 $ echo: logi FALSE

  |                                                                         |....................................                             |  56%
  ordinary text without R code

  |                                                                         |...........................................                      |  67%
label: unnamed-chunk-3
  |                                                                         |...................................................              |  78%
  ordinary text without R code

  |                                                                         |..........................................................       |  89%
label: unnamed-chunk-4
  |                                                                         |.................................................................| 100%
  ordinary text without R code


"C:/Program Files/RStudio/bin/pandoc/pandoc" MASTER.utf8.md --to html --from markdown+autolink_bare_uris+ascii_identifiers+tex_math_single_backslash-implicit_figures --output index.html --smart --email-obfuscation none --self-contained --standalone --section-divs --table-of-contents --toc-depth 3 --template "C:\PROGRA~1\RRO\R-32~1.2\library\RMARKD~1\rmd\h\DEFAUL~1.HTM" --variable "theme:bootstrap" --include-in-header "C:\Users\chanb\AppData\Local\Temp\RtmpM78Wey\rmarkdown-str29a011c32b6.html" --mathjax --variable "mathjax-url:https://cdn.mathjax.org/mathjax/latest/MathJax.js?config=TeX-AMS-MML_HTMLorMML" --no-highlight --variable "highlightjs=C:\PROGRA~1\RRO\R-32~1.2\library\RMARKD~1\rmd\h\HIGHLI~1" 

> file.rename("index.md", "README.md")
[1] TRUE

> file.info(c("index.html", "README.md"))
             size isdir mode               mtime               ctime               atime exe
index.html 646954 FALSE  666 2016-02-02 08:04:38 2016-02-02 07:29:27 2016-02-02 07:29:27  no
README.md    1253 FALSE  666 2016-02-02 08:04:38 2016-02-02 08:04:38 2016-02-02 08:04:38  no

> .timeStart <- Sys.time()

> rmarkdown::render("mtcMortality.Rmd")
  |                                                                         |                                                                 |   0%  |                                                                         |....                                                             |   6%
   inline R code fragments

  |                                                                         |.......                                                          |  11%
label: unnamed-chunk-1 (with options) 
List of 1
 $ echo: logi FALSE

  |                                                                         |...........                                                      |  17%
  ordinary text without R code

  |                                                                         |..............                                                   |  22%
label: mortalityNetwork
  |                                                                         |..................                                               |  28%
   inline R code fragments

  |                                                                         |......................                                           |  33%
label: unnamed-chunk-2 (with options) 
List of 1
 $ results: chr "hide"

  |                                                                         |.........................                                        |  39%
  ordinary text without R code

  |                                                                         |.............................                                    |  44%
label: unnamed-chunk-3
  |                                                                         |................................                                 |  50%
  ordinary text without R code

  |                                                                         |....................................                             |  56%
label: unnamed-chunk-4
  |                                                                         |........................................                         |  61%
  ordinary text without R code

  |                                                                         |...........................................                      |  67%
label: mortalityGelman (with options) 
List of 1
 $ fig.height: num 8

  |                                                                         |...............................................                  |  72%
  ordinary text without R code

  |                                                                         |...................................................              |  78%
label: mortalityTrace (with options) 
List of 1
 $ fig.height: num 10

  |                                                                         |......................................................           |  83%
  ordinary text without R code

  |                                                                         |..........................................................       |  89%
label: unnamed-chunk-5 (with options) 
List of 1
 $ results: chr "hide"

  |                                                                         |.............................................................    |  94%
  ordinary text without R code

  |                                                                         |.................................................................| 100%
label: mortalityAnohe (with options) 
List of 1
 $ fig.height: num 8


"C:/Program Files/RStudio/bin/pandoc/pandoc" mtcMortality.utf8.md --to html --from markdown+autolink_bare_uris+ascii_identifiers+tex_math_single_backslash-implicit_figures --output mtcMortality.html --smart --email-obfuscation none --self-contained --standalone --section-divs --table-of-contents --toc-depth 3 --template "C:\PROGRA~1\RRO\R-32~1.2\library\RMARKD~1\rmd\h\DEFAUL~1.HTM" --variable "theme:bootstrap" --include-in-header "C:\Users\chanb\AppData\Local\Temp\RtmpM78Wey\rmarkdown-str29a01dd27883.html" --mathjax --variable "mathjax-url:https://cdn.mathjax.org/mathjax/latest/MathJax.js?config=TeX-AMS-MML_HTMLorMML" --no-highlight --variable "highlightjs=C:\PROGRA~1\RRO\R-32~1.2\library\RMARKD~1\rmd\h\HIGHLI~1" 

> rmarkdown::render("mtcStroke.Rmd")
  |                                                                         |                                                                 |   0%  |                                                                         |....                                                             |   6%
   inline R code fragments

  |                                                                         |.......                                                          |  11%
label: unnamed-chunk-1 (with options) 
List of 1
 $ echo: logi FALSE

  |                                                                         |...........                                                      |  17%
  ordinary text without R code

  |                                                                         |..............                                                   |  22%
label: strokeNetwork
  |                                                                         |..................                                               |  28%
   inline R code fragments

  |                                                                         |......................                                           |  33%
label: unnamed-chunk-2 (with options) 
List of 1
 $ results: chr "hide"

  |                                                                         |.........................                                        |  39%
  ordinary text without R code

  |                                                                         |.............................                                    |  44%
label: unnamed-chunk-3
  |                                                                         |................................                                 |  50%
  ordinary text without R code

  |                                                                         |....................................                             |  56%
label: unnamed-chunk-4
  |                                                                         |........................................                         |  61%
  ordinary text without R code

  |                                                                         |...........................................                      |  67%
label: strokeGelman (with options) 
List of 1
 $ fig.height: num 8

  |                                                                         |...............................................                  |  72%
  ordinary text without R code

  |                                                                         |...................................................              |  78%
label: strokeTrace (with options) 
List of 1
 $ fig.height: num 10

  |                                                                         |......................................................           |  83%
  ordinary text without R code

  |                                                                         |..........................................................       |  89%
label: unnamed-chunk-5 (with options) 
List of 1
 $ results: chr "hide"

  |                                                                         |.............................................................    |  94%
  ordinary text without R code

  |                                                                         |.................................................................| 100%
label: strokeAnohe (with options) 
List of 1
 $ fig.height: num 8


"C:/Program Files/RStudio/bin/pandoc/pandoc" mtcStroke.utf8.md --to html --from markdown+autolink_bare_uris+ascii_identifiers+tex_math_single_backslash-implicit_figures --output mtcStroke.html --smart --email-obfuscation none --self-contained --standalone --section-divs --table-of-contents --toc-depth 3 --template "C:\PROGRA~1\RRO\R-32~1.2\library\RMARKD~1\rmd\h\DEFAUL~1.HTM" --variable "theme:bootstrap" --include-in-header "C:\Users\chanb\AppData\Local\Temp\RtmpM78Wey\rmarkdown-str29a018b256f9.html" --mathjax --variable "mathjax-url:https://cdn.mathjax.org/mathjax/latest/MathJax.js?config=TeX-AMS-MML_HTMLorMML" --no-highlight --variable "highlightjs=C:\PROGRA~1\RRO\R-32~1.2\library\RMARKD~1\rmd\h\HIGHLI~1" 

> rmarkdown::render("mtcMI.Rmd")
  |                                                                         |                                                                 |   0%  |                                                                         |....                                                             |   6%
   inline R code fragments

  |                                                                         |.......                                                          |  11%
label: unnamed-chunk-1 (with options) 
List of 1
 $ echo: logi FALSE

  |                                                                         |...........                                                      |  17%
  ordinary text without R code

  |                                                                         |..............                                                   |  22%
label: miNetwork
  |                                                                         |..................                                               |  28%
   inline R code fragments

  |                                                                         |......................                                           |  33%
label: unnamed-chunk-2 (with options) 
List of 1
 $ results: chr "hide"

  |                                                                         |.........................                                        |  39%
  ordinary text without R code

  |                                                                         |.............................                                    |  44%
label: unnamed-chunk-3
  |                                                                         |................................                                 |  50%
  ordinary text without R code

  |                                                                         |....................................                             |  56%
label: unnamed-chunk-4
  |                                                                         |........................................                         |  61%
  ordinary text without R code

  |                                                                         |...........................................                      |  67%
label: miGelman (with options) 
List of 1
 $ fig.height: num 8

  |                                                                         |...............................................                  |  72%
  ordinary text without R code

  |                                                                         |...................................................              |  78%
label: miTrace (with options) 
List of 1
 $ fig.height: num 10

  |                                                                         |......................................................           |  83%
  ordinary text without R code

  |                                                                         |..........................................................       |  89%
label: unnamed-chunk-5 (with options) 
List of 1
 $ results: chr "hide"

  |                                                                         |.............................................................    |  94%
  ordinary text without R code

  |                                                                         |.................................................................| 100%
label: miAnohe (with options) 
List of 1
 $ fig.height: num 8


"C:/Program Files/RStudio/bin/pandoc/pandoc" mtcMI.utf8.md --to html --from markdown+autolink_bare_uris+ascii_identifiers+tex_math_single_backslash-implicit_figures --output mtcMI.html --smart --email-obfuscation none --self-contained --standalone --section-divs --table-of-contents --toc-depth 3 --template "C:\PROGRA~1\RRO\R-32~1.2\library\RMARKD~1\rmd\h\DEFAUL~1.HTM" --variable "theme:bootstrap" --include-in-header "C:\Users\chanb\AppData\Local\Temp\RtmpM78Wey\rmarkdown-str29a0456b518c.html" --mathjax --variable "mathjax-url:https://cdn.mathjax.org/mathjax/latest/MathJax.js?config=TeX-AMS-MML_HTMLorMML" --no-highlight --variable "highlightjs=C:\PROGRA~1\RRO\R-32~1.2\library\RMARKD~1\rmd\h\HIGHLI~1" 

> rmarkdown::render("mtcBleeding.Rmd")
  |                                                                         |                                                                 |   0%  |                                                                         |....                                                             |   6%
   inline R code fragments

  |                                                                         |.......                                                          |  11%
label: unnamed-chunk-1 (with options) 
List of 1
 $ echo: logi FALSE

  |                                                                         |...........                                                      |  17%
  ordinary text without R code

  |                                                                         |..............                                                   |  22%
label: bleedingNetwork
  |                                                                         |..................                                               |  28%
   inline R code fragments

  |                                                                         |......................                                           |  33%
label: unnamed-chunk-2 (with options) 
List of 1
 $ results: chr "hide"

  |                                                                         |.........................                                        |  39%
  ordinary text without R code

  |                                                                         |.............................                                    |  44%
label: unnamed-chunk-3
  |                                                                         |................................                                 |  50%
  ordinary text without R code

  |                                                                         |....................................                             |  56%
label: unnamed-chunk-4
  |                                                                         |........................................                         |  61%
  ordinary text without R code

  |                                                                         |...........................................                      |  67%
label: bleedingGelman (with options) 
List of 1
 $ fig.height: num 8

  |                                                                         |...............................................                  |  72%
  ordinary text without R code

  |                                                                         |...................................................              |  78%
label: bleedingTrace (with options) 
List of 1
 $ fig.height: num 10

  |                                                                         |......................................................           |  83%
  ordinary text without R code

  |                                                                         |..........................................................       |  89%
label: unnamed-chunk-5 (with options) 
List of 1
 $ results: chr "hide"

  |                                                                         |.............................................................    |  94%
  ordinary text without R code

  |                                                                         |.................................................................| 100%
label: bleedingAnohe (with options) 
List of 1
 $ fig.height: num 8


"C:/Program Files/RStudio/bin/pandoc/pandoc" mtcBleeding.utf8.md --to html --from markdown+autolink_bare_uris+ascii_identifiers+tex_math_single_backslash-implicit_figures --output mtcBleeding.html --smart --email-obfuscation none --self-contained --standalone --section-divs --table-of-contents --toc-depth 3 --template "C:\PROGRA~1\RRO\R-32~1.2\library\RMARKD~1\rmd\h\DEFAUL~1.HTM" --variable "theme:bootstrap" --include-in-header "C:\Users\chanb\AppData\Local\Temp\RtmpM78Wey\rmarkdown-str29a0249a569.html" --mathjax --variable "mathjax-url:https://cdn.mathjax.org/mathjax/latest/MathJax.js?config=TeX-AMS-MML_HTMLorMML" --no-highlight --variable "highlightjs=C:\PROGRA~1\RRO\R-32~1.2\library\RMARKD~1\rmd\h\HIGHLI~1" 

> library(devtools)

> source_gist("https://gist.github.com/benjamin-chan/80149dd4cdb16b2760ec",
+             print.eval=TRUE,
+             quiet=TRUE)
$timeStart
[1] "2016-02-02 08:04:38"

$timeEnd
[1] "2016-02-02 08:08:30 PST"

$timeElapsed
[1] "3.871787 mins"

$Sys.info
                     sysname                      release                      version                     nodename 
                   "Windows"                      "7 x64" "build 7601, Service Pack 1"                    "GHBA299" 
                     machine                        login                         user               effective_user 
                    "x86-64"                      "chanb"                      "chanb"                      "chanb" 

$sessionInfo
R version 3.2.2 (2015-08-14)
Platform: x86_64-w64-mingw32/x64 (64-bit)
Running under: Windows 7 x64 (build 7601) Service Pack 1

locale:
[1] LC_COLLATE=English_United States.1252  LC_CTYPE=English_United States.1252    LC_MONETARY=English_United States.1252
[4] LC_NUMERIC=C                           LC_TIME=English_United States.1252    

attached base packages:
[1] stats     graphics  grDevices utils     datasets  methods   base     

other attached packages:
[1] devtools_1.8.0      gemtc_0.7-1         coda_0.17-1         data.table_1.9.6    openxlsx_3.0.0      RevoUtilsMath_3.2.2

loaded via a namespace (and not attached):
 [1] igraph_1.0.1     Rcpp_0.12.1      rstudioapi_0.3.1 xml2_0.1.2       knitr_1.11       magrittr_1.5     lattice_0.20-33  R6_2.1.1        
 [9] httr_1.0.0       stringr_1.0.0    plyr_1.8.3       tools_3.2.2      grid_3.2.2       git2r_0.11.0     htmltools_0.2.6  rversions_1.0.2 
[17] yaml_2.1.13      digest_0.6.8     formatR_1.2      curl_0.9.3       memoise_0.2.1    evaluate_0.7.2   rmarkdown_0.7    stringi_0.5-5   
[25] meta_4.3-0       rjags_4-5        jsonlite_0.9.16  truncnorm_1.0-7  chron_2.3-47    


> sink(NULL)
